src/api/client/sync/v3/joined.rs:		// If last_sync_end_shortstatehash is None (idle room),
src/api/client/sync/v3/joined.rs:		// If last_sync_end_shortstatehash is None, and the user joined at count 150,
src/api/server/send.rs:/// lookup by `shortstatehash`.
src/core/config/mod.rs:	#[serde(default = "default_shortstatehash_cache_capacity")]
src/core/config/mod.rs:	pub shortstatehash_cache_capacity: u32,
src/core/config/mod.rs:fn default_shortstatehash_cache_capacity() -> u32 {
src/database/maps.rs:		name: "roomid_shortstatehash",
src/database/maps.rs:		name: "roomsynctoken_shortstatehash",
src/database/maps.rs:		name: "shorteventid_shortstatehash",
src/database/maps.rs:		name: "shortstatehash_lthash",
src/database/maps.rs:		name: "shortstatehash_statediff",
src/database/maps.rs:		name: "statehash_shortstatehash",
src/service/migrations.rs:			async |(mut total, mut fixed, mut shortstatehash_cache): (
src/service/migrations.rs:					let latest_shortstatehash =
src/service/migrations.rs:						if let Some(shortstatehash) = shortstatehash_cache.get(room_id) {
src/service/migrations.rs:							*shortstatehash
src/service/migrations.rs:						} else if let Ok(shortstatehash) =
src/service/migrations.rs:							services.rooms.state.get_room_shortstatehash(room_id).await
src/service/migrations.rs:							shortstatehash_cache.insert(room_id.to_owned(), shortstatehash);
src/service/migrations.rs:							shortstatehash
src/service/migrations.rs:							warn!(%room_id, %user_id, "room has no shortstatehash");
src/service/migrations.rs:							return Ok((total, fixed, shortstatehash_cache));
src/service/migrations.rs:							latest_shortstatehash,
src/service/migrations.rs:				Ok((total, fixed, shortstatehash_cache))
src/service/migrations.rs:	shortstatehash: ShortStateHash,
src/service/migrations.rs:	let value = services.db["shortstatehash_statediff"]
src/service/migrations.rs:		.get(&shortstatehash.to_be_bytes())
src/service/migrations.rs:			"Truncated legacy state-diff record for shortstatehash {shortstatehash}: length {} \
src/service/migrations.rs:	shortstatehash: ShortStateHash,
src/service/migrations.rs:	let mut curr = Some(shortstatehash);
src/service/migrations.rs:	shortstatehash: ShortStateHash,
src/service/migrations.rs:	let full_state = legacy_get_full_state(services, shortstatehash).await?;
src/service/migrations.rs:				"Failed to build HAMT root for room {room_id} and state {shortstatehash}: {e:?}"
src/service/migrations.rs:		match services.rooms.state.get_room_shortstatehash(room_id).await {
src/service/migrations.rs:					"Skipping room {room_id} in v20 migration: no shortstatehash (room may be \
src/service/migrations.rs:			| Ok(shortstatehash) => {
src/service/migrations.rs:				let full_state = legacy_get_full_state(services, shortstatehash).await?;
src/service/migrations.rs:	let short_state_events = services.db["shorteventid_shortstatehash"]
src/service/migrations.rs:	for (shorteventid, shortstatehash) in short_state_events {
src/service/migrations.rs:			.entry((room_id, shortstatehash))
src/service/migrations.rs:	for ((room_id, shortstatehash), shorteventids) in events_by_state {
src/service/migrations.rs:			legacy_build_root_handle_for_state(services, &room_id, shortstatehash).await?;
src/service/rooms/event_handler/resolve_state.rs:		.get_room_shortstatehash(room_id)
src/service/rooms/event_handler/state_at_incoming.rs:				.pdu_shortstatehash(prev_eventid)
src/service/rooms/short/mod.rs:	statehash_shortstatehash: Arc<Map>,
src/service/rooms/short/mod.rs:				statehash_shortstatehash: args.db["statehash_shortstatehash"].clone(),
src/service/rooms/short/mod.rs:/// Returns (shortstatehash, already_existed)
src/service/rooms/short/mod.rs:pub async fn get_or_create_shortstatehash(&self, state_hash: &[u8]) -> (ShortStateHash, bool) {
src/service/rooms/short/mod.rs:	if let Ok(shortstatehash) = self
src/service/rooms/short/mod.rs:		.statehash_shortstatehash
src/service/rooms/short/mod.rs:		return (shortstatehash, true);
src/service/rooms/short/mod.rs:	let shortstatehash = self.services.globals.next_count().unwrap();
src/service/rooms/short/mod.rs:	debug_assert!(size_of_val(&shortstatehash) == BUFSIZE, "buffer requirement changed");
src/service/rooms/short/mod.rs:		.statehash_shortstatehash
src/service/rooms/short/mod.rs:		.raw_aput::<BUFSIZE, _, _>(state_hash, shortstatehash);
src/service/rooms/short/mod.rs:	(shortstatehash, false)
src/service/rooms/spaces/mod.rs:		.get_room_shortstatehash(room_id)
src/service/rooms/spaces/mod.rs:		.map_ok(|current_shortstatehash| {
src/service/rooms/spaces/mod.rs:				.state_keys_with_ids(current_shortstatehash, &StateEventType::SpaceChild)
src/service/rooms/state/mod.rs:	shorteventid_shortstatehash: Arc<Map>,
src/service/rooms/state/mod.rs:	roomid_shortstatehash: Arc<Map>,
src/service/rooms/state/mod.rs:				shorteventid_shortstatehash: args.db["shorteventid_shortstatehash"].clone(),
src/service/rooms/state/mod.rs:				roomid_shortstatehash: args.db["roomid_shortstatehash"].clone(),
src/service/rooms/state/mod.rs:		shortstatehash: u64,
src/service/rooms/state/mod.rs:			.roomid_shortstatehash
src/service/rooms/state/mod.rs:			.raw_aput::<BUFSIZE, _, _>(room_id, shortstatehash);
src/service/rooms/state/mod.rs:	pub async fn get_shortstatehash(&self, shorteventid: ShortEventId) -> Result<ShortStateHash> {
src/service/rooms/state/mod.rs:			.shorteventid_shortstatehash
src/service/rooms/state/mod.rs:	pub async fn get_room_shortstatehash(&self, room_id: &RoomId) -> Result<ShortStateHash> {
src/service/rooms/state/mod.rs:			.roomid_shortstatehash
src/service/rooms/state/mod.rs:		let Ok(shortstatehash) = self.get_room_shortstatehash(room_id).await else {
src/service/rooms/state/mod.rs:			.state_full_shortids(shortstatehash)
src/service/rooms/state_accessor/mod.rs:	shorteventid_shortstatehash: Arc<Map>,
src/service/rooms/state_accessor/mod.rs:				shorteventid_shortstatehash: args.db["shorteventid_shortstatehash"].clone(),
src/service/rooms/state_accessor/mod.rs:		shortstatehash: ShortStateHash,
src/service/rooms/state_accessor/mod.rs:		self.state_get_in_room(None, shortstatehash, event_type, state_key)
src/service/rooms/state_accessor/mod.rs:		shortstatehash: ShortStateHash,
src/service/rooms/state_accessor/mod.rs:			.state_get_id(shortstatehash, event_type, state_key)
src/service/rooms/state_accessor/state.rs:pub async fn user_was_joined(&self, shortstatehash: ShortStateHash, user_id: &UserId) -> bool {
src/service/rooms/state_accessor/state.rs:	self.user_membership(shortstatehash, user_id).await == MembershipState::Join
src/service/rooms/state_accessor/state.rs:pub async fn user_was_invited(&self, shortstatehash: ShortStateHash, user_id: &UserId) -> bool {
src/service/rooms/state_accessor/state.rs:	let s = self.user_membership(shortstatehash, user_id).await;
src/service/rooms/state_accessor/state.rs:	shortstatehash: ShortStateHash,
src/service/rooms/state_accessor/state.rs:	self.state_get_content(shortstatehash, &StateEventType::RoomMember, user_id.as_str())
src/service/rooms/state_accessor/state.rs:	shortstatehash: ShortStateHash,
src/service/rooms/state_accessor/state.rs:	self.state_get(shortstatehash, event_type, state_key)
src/service/rooms/state_accessor/state.rs:	shortstatehash: ShortStateHash,
src/service/rooms/state_accessor/state.rs:	self.state_contains_shortstatekey(shortstatehash, shortstatekey)
src/service/rooms/state_accessor/state.rs:	shortstatehash: ShortStateHash,
src/service/rooms/state_accessor/state.rs:	let state_keys = self.state_keys(shortstatehash, event_type);
src/service/rooms/state_accessor/state.rs:	shortstatehash: ShortStateHash,
src/service/rooms/state_accessor/state.rs:	self.load_full_state(shortstatehash)
src/service/rooms/state_accessor/state.rs:	shortstatehash: ShortStateHash,
src/service/rooms/state_accessor/state.rs:		.state_get_shortid(shortstatehash, event_type, state_key)
src/service/rooms/state_accessor/state.rs:	shortstatehash: ShortStateHash,
src/service/rooms/state_accessor/state.rs:	self.load_full_state(shortstatehash)
src/service/rooms/state_accessor/state.rs:	shortstatehash: ShortStateHash,
src/service/rooms/state_accessor/state.rs:		.state_keys_with_shortids(shortstatehash, event_type)
src/service/rooms/state_accessor/state.rs:	shortstatehash: ShortStateHash,
src/service/rooms/state_accessor/state.rs:		.state_full_shortids(shortstatehash)
src/service/rooms/state_accessor/state.rs:	shortstatehash: ShortStateHash,
src/service/rooms/state_accessor/state.rs:		.state_full_shortids(shortstatehash)
src/service/rooms/state_accessor/state.rs:	shortstatehash: pair_of!(ShortStateHash),
src/service/rooms/state_accessor/state.rs:	self.state_added((shortstatehash.1, shortstatehash.0)).await
src/service/rooms/state_accessor/state.rs:	shortstatehash: pair_of!(ShortStateHash),
src/service/rooms/state_accessor/state.rs:	let full_state_a = self.load_full_state(shortstatehash.0).await?;
src/service/rooms/state_accessor/state.rs:	let full_state_b = self.load_full_state(shortstatehash.1).await?;
src/service/rooms/state_accessor/state.rs:	shortstatehash: ShortStateHash,
src/service/rooms/state_accessor/state.rs:	self.state_full_pdus(shortstatehash)
src/service/rooms/state_accessor/state.rs:	shortstatehash: ShortStateHash,
src/service/rooms/state_accessor/state.rs:		.state_full_shortids(shortstatehash)
src/service/rooms/state_accessor/state.rs:	shortstatehash: ShortStateHash,
src/service/rooms/state_accessor/state.rs:		.state_full_shortids(shortstatehash)
src/service/rooms/state_accessor/state.rs:	shortstatehash: ShortStateHash,
src/service/rooms/state_accessor/state.rs:	self.load_full_state(shortstatehash)
src/service/rooms/state_accessor/state.rs:pub async fn state_is_empty(&self, shortstatehash: ShortStateHash) -> Result<bool> {
src/service/rooms/state_accessor/state.rs:	self.load_full_state(shortstatehash)
src/service/rooms/state_accessor/state.rs:	_shortstatehash: ShortStateHash,
src/service/rooms/state_accessor/state.rs:pub async fn pdu_shortstatehash(&self, event_id: &EventId) -> Result<ShortStateHash> {
src/service/rooms/state_accessor/state.rs:				.shorteventid_shortstatehash
src/service/rooms/timeline/mod.rs:	pub next_shortstatehash_cache: SyncMutex<LruCache<(ShortRoomId, PduCount), ShortStateHash>>,
src/service/rooms/timeline/mod.rs:	pub prev_shortstatehash_cache: SyncMutex<LruCache<(ShortRoomId, PduCount), ShortStateHash>>,
src/service/rooms/timeline/mod.rs:			f64::from(config.shortstatehash_cache_capacity) * config.cache_capacity_modifier;
src/service/rooms/timeline/mod.rs:			next_shortstatehash_cache: SyncMutex::new(LruCache::new(per_cache)),
src/service/rooms/timeline/mod.rs:			prev_shortstatehash_cache: SyncMutex::new(LruCache::new(per_cache)),
src/service/rooms/timeline/mod.rs:		let next_cache_len = self.next_shortstatehash_cache.lock().len();
src/service/rooms/timeline/mod.rs:		writeln!(out, "next_shortstatehash_cache: {next_cache_len} ({next_bytes})")?;
src/service/rooms/timeline/mod.rs:		let prev_cache_len = self.prev_shortstatehash_cache.lock().len();
src/service/rooms/timeline/mod.rs:		writeln!(out, "prev_shortstatehash_cache: {prev_cache_len} ({prev_bytes})")?;
src/service/rooms/timeline/mod.rs:		self.next_shortstatehash_cache.lock().clear();
src/service/rooms/timeline/mod.rs:		self.prev_shortstatehash_cache.lock().clear();
src/service/rooms/timeline/mod.rs:	/// Returns the shortstatehash of the room at the event directly preceding
src/service/rooms/timeline/mod.rs:	pub async fn prev_shortstatehash(
src/service/rooms/timeline/mod.rs:			.prev_shortstatehash_cache
src/service/rooms/timeline/mod.rs:		let result = self.services.state.get_shortstatehash(shorteventid).await;
src/service/rooms/timeline/mod.rs:				self.prev_shortstatehash_cache
src/service/rooms/timeline/mod.rs:	/// Returns the shortstatehash of the room at the event directly following
src/service/rooms/timeline/mod.rs:	pub async fn next_shortstatehash(
src/service/rooms/timeline/mod.rs:			.next_shortstatehash_cache
src/service/rooms/timeline/mod.rs:		let result = self.services.state.get_shortstatehash(shorteventid).await;
src/service/rooms/timeline/mod.rs:				self.next_shortstatehash_cache
src/service/rooms/timeline/mod.rs:	/// Returns the shortstatehash of the room at the event
src/service/rooms/timeline/mod.rs:	pub async fn get_shortstatehash(
src/service/rooms/timeline/mod.rs:		self.services.state.get_shortstatehash(shorteventid).await
src/service/rooms/timeline/mod.rs:	/// Note: deliberately uncached for now; the shortstatehash variants below
src/service/rooms/timeline/mod.rs:	/// Note: deliberately uncached for now; the shortstatehash variants below
